Copyright 1986-2017 Xilinx, Inc. All Rights Reserved.
------------------------------------------------------------------------------------------------------------------------
| Tool Version : Vivado v.2017.3 (lin64) Build 2018833 Wed Oct  4 19:58:07 MDT 2017
| Date         : Mon Jul 16 15:12:28 2018
| Host         : hob-ThinkPad-T440 running 64-bit Ubuntu 16.04.4 LTS
| Command      : report_drc -file thinpad_top_drc_opted.rpt -pb thinpad_top_drc_opted.pb -rpx thinpad_top_drc_opted.rpx
| Design       : thinpad_top
| Device       : xc7a100tfgg676-2L
| Speed File   : -2L
| Design State : Synthesized
------------------------------------------------------------------------------------------------------------------------

Report DRC

Table of Contents
-----------------
1. REPORT SUMMARY
2. REPORT DETAILS

1. REPORT SUMMARY
-----------------
            Netlist: netlist
          Floorplan: design_1
      Design limits: <entire design considered>
           Ruledeck: default
             Max violations: <unlimited>
             Violations found: 64
+--------+----------+---------------------------------+------------+
| Rule   | Severity | Description                     | Violations |
+--------+----------+---------------------------------+------------+
| RPBF-3 | Warning  | IO port buffering is incomplete | 64         |
+--------+----------+---------------------------------+------------+

2. REPORT DETAILS
-----------------
RPBF-3#1 Warning
IO port buffering is incomplete  
Device port base_ram_data[0] expects both input and output buffering but the buffers are incomplete.
Related violations: <none>

RPBF-3#2 Warning
IO port buffering is incomplete  
Device port base_ram_data[10] expects both input and output buffering but the buffers are incomplete.
Related violations: <none>

RPBF-3#3 Warning
IO port buffering is incomplete  
Device port base_ram_data[11] expects both input and output buffering but the buffers are incomplete.
Related violations: <none>

RPBF-3#4 Warning
IO port buffering is incomplete  
Device port base_ram_data[12] expects both input and output buffering but the buffers are incomplete.
Related violations: <none>

RPBF-3#5 Warning
IO port buffering is incomplete  
Device port base_ram_data[13] expects both input and output buffering but the buffers are incomplete.
Related violations: <none>

RPBF-3#6 Warning
IO port buffering is incomplete  
Device port base_ram_data[14] expects both input and output buffering but the buffers are incomplete.
Related violations: <none>

RPBF-3#7 Warning
IO port buffering is incomplete  
Device port base_ram_data[15] expects both input and output buffering but the buffers are incomplete.
Related violations: <none>

RPBF-3#8 Warning
IO port buffering is incomplete  
Device port base_ram_data[16] expects both input and output buffering but the buffers are incomplete.
Related violations: <none>

RPBF-3#9 Warning
IO port buffering is incomplete  
Device port base_ram_data[17] expects both input and output buffering but the buffers are incomplete.
Related violations: <none>

RPBF-3#10 Warning
IO port buffering is incomplete  
Device port base_ram_data[18] expects both input and output buffering but the buffers are incomplete.
Related violations: <none>

RPBF-3#11 Warning
IO port buffering is incomplete  
Device port base_ram_data[19] expects both input and output buffering but the buffers are incomplete.
Related violations: <none>

RPBF-3#12 Warning
IO port buffering is incomplete  
Device port base_ram_data[1] expects both input and output buffering but the buffers are incomplete.
Related violations: <none>

RPBF-3#13 Warning
IO port buffering is incomplete  
Device port base_ram_data[20] expects both input and output buffering but the buffers are incomplete.
Related violations: <none>

RPBF-3#14 Warning
IO port buffering is incomplete  
Device port base_ram_data[21] expects both input and output buffering but the buffers are incomplete.
Related violations: <none>

RPBF-3#15 Warning
IO port buffering is incomplete  
Device port base_ram_data[22] expects both input and output buffering but the buffers are incomplete.
Related violations: <none>

RPBF-3#16 Warning
IO port buffering is incomplete  
Device port base_ram_data[23] expects both input and output buffering but the buffers are incomplete.
Related violations: <none>

RPBF-3#17 Warning
IO port buffering is incomplete  
Device port base_ram_data[24] expects both input and output buffering but the buffers are incomplete.
Related violations: <none>

RPBF-3#18 Warning
IO port buffering is incomplete  
Device port base_ram_data[25] expects both input and output buffering but the buffers are incomplete.
Related violations: <none>

RPBF-3#19 Warning
IO port buffering is incomplete  
Device port base_ram_data[26] expects both input and output buffering but the buffers are incomplete.
Related violations: <none>

RPBF-3#20 Warning
IO port buffering is incomplete  
Device port base_ram_data[27] expects both input and output buffering but the buffers are incomplete.
Related violations: <none>

RPBF-3#21 Warning
IO port buffering is incomplete  
Device port base_ram_data[28] expects both input and output buffering but the buffers are incomplete.
Related violations: <none>

RPBF-3#22 Warning
IO port buffering is incomplete  
Device port base_ram_data[29] expects both input and output buffering but the buffers are incomplete.
Related violations: <none>

RPBF-3#23 Warning
IO port buffering is incomplete  
Device port base_ram_data[2] expects both input and output buffering but the buffers are incomplete.
Related violations: <none>

RPBF-3#24 Warning
IO port buffering is incomplete  
Device port base_ram_data[30] expects both input and output buffering but the buffers are incomplete.
Related violations: <none>

RPBF-3#25 Warning
IO port buffering is incomplete  
Device port base_ram_data[31] expects both input and output buffering but the buffers are incomplete.
Related violations: <none>

RPBF-3#26 Warning
IO port buffering is incomplete  
Device port base_ram_data[3] expects both input and output buffering but the buffers are incomplete.
Related violations: <none>

RPBF-3#27 Warning
IO port buffering is incomplete  
Device port base_ram_data[4] expects both input and output buffering but the buffers are incomplete.
Related violations: <none>

RPBF-3#28 Warning
IO port buffering is incomplete  
Device port base_ram_data[5] expects both input and output buffering but the buffers are incomplete.
Related violations: <none>

RPBF-3#29 Warning
IO port buffering is incomplete  
Device port base_ram_data[6] expects both input and output buffering but the buffers are incomplete.
Related violations: <none>

RPBF-3#30 Warning
IO port buffering is incomplete  
Device port base_ram_data[7] expects both input and output buffering but the buffers are incomplete.
Related violations: <none>

RPBF-3#31 Warning
IO port buffering is incomplete  
Device port base_ram_data[8] expects both input and output buffering but the buffers are incomplete.
Related violations: <none>

RPBF-3#32 Warning
IO port buffering is incomplete  
Device port base_ram_data[9] expects both input and output buffering but the buffers are incomplete.
Related violations: <none>

RPBF-3#33 Warning
IO port buffering is incomplete  
Device port ext_ram_data[0] expects both input and output buffering but the buffers are incomplete.
Related violations: <none>

RPBF-3#34 Warning
IO port buffering is incomplete  
Device port ext_ram_data[10] expects both input and output buffering but the buffers are incomplete.
Related violations: <none>

RPBF-3#35 Warning
IO port buffering is incomplete  
Device port ext_ram_data[11] expects both input and output buffering but the buffers are incomplete.
Related violations: <none>

RPBF-3#36 Warning
IO port buffering is incomplete  
Device port ext_ram_data[12] expects both input and output buffering but the buffers are incomplete.
Related violations: <none>

RPBF-3#37 Warning
IO port buffering is incomplete  
Device port ext_ram_data[13] expects both input and output buffering but the buffers are incomplete.
Related violations: <none>

RPBF-3#38 Warning
IO port buffering is incomplete  
Device port ext_ram_data[14] expects both input and output buffering but the buffers are incomplete.
Related violations: <none>

RPBF-3#39 Warning
IO port buffering is incomplete  
Device port ext_ram_data[15] expects both input and output buffering but the buffers are incomplete.
Related violations: <none>

RPBF-3#40 Warning
IO port buffering is incomplete  
Device port ext_ram_data[16] expects both input and output buffering but the buffers are incomplete.
Related violations: <none>

RPBF-3#41 Warning
IO port buffering is incomplete  
Device port ext_ram_data[17] expects both input and output buffering but the buffers are incomplete.
Related violations: <none>

RPBF-3#42 Warning
IO port buffering is incomplete  
Device port ext_ram_data[18] expects both input and output buffering but the buffers are incomplete.
Related violations: <none>

RPBF-3#43 Warning
IO port buffering is incomplete  
Device port ext_ram_data[19] expects both input and output buffering but the buffers are incomplete.
Related violations: <none>

RPBF-3#44 Warning
IO port buffering is incomplete  
Device port ext_ram_data[1] expects both input and output buffering but the buffers are incomplete.
Related violations: <none>

RPBF-3#45 Warning
IO port buffering is incomplete  
Device port ext_ram_data[20] expects both input and output buffering but the buffers are incomplete.
Related violations: <none>

RPBF-3#46 Warning
IO port buffering is incomplete  
Device port ext_ram_data[21] expects both input and output buffering but the buffers are incomplete.
Related violations: <none>

RPBF-3#47 Warning
IO port buffering is incomplete  
Device port ext_ram_data[22] expects both input and output buffering but the buffers are incomplete.
Related violations: <none>

RPBF-3#48 Warning
IO port buffering is incomplete  
Device port ext_ram_data[23] expects both input and output buffering but the buffers are incomplete.
Related violations: <none>

RPBF-3#49 Warning
IO port buffering is incomplete  
Device port ext_ram_data[24] expects both input and output buffering but the buffers are incomplete.
Related violations: <none>

RPBF-3#50 Warning
IO port buffering is incomplete  
Device port ext_ram_data[25] expects both input and output buffering but the buffers are incomplete.
Related violations: <none>

RPBF-3#51 Warning
IO port buffering is incomplete  
Device port ext_ram_data[26] expects both input and output buffering but the buffers are incomplete.
Related violations: <none>

RPBF-3#52 Warning
IO port buffering is incomplete  
Device port ext_ram_data[27] expects both input and output buffering but the buffers are incomplete.
Related violations: <none>

RPBF-3#53 Warning
IO port buffering is incomplete  
Device port ext_ram_data[28] expects both input and output buffering but the buffers are incomplete.
Related violations: <none>

RPBF-3#54 Warning
IO port buffering is incomplete  
Device port ext_ram_data[29] expects both input and output buffering but the buffers are incomplete.
Related violations: <none>

RPBF-3#55 Warning
IO port buffering is incomplete  
Device port ext_ram_data[2] expects both input and output buffering but the buffers are incomplete.
Related violations: <none>

RPBF-3#56 Warning
IO port buffering is incomplete  
Device port ext_ram_data[30] expects both input and output buffering but the buffers are incomplete.
Related violations: <none>

RPBF-3#57 Warning
IO port buffering is incomplete  
Device port ext_ram_data[31] expects both input and output buffering but the buffers are incomplete.
Related violations: <none>

RPBF-3#58 Warning
IO port buffering is incomplete  
Device port ext_ram_data[3] expects both input and output buffering but the buffers are incomplete.
Related violations: <none>

RPBF-3#59 Warning
IO port buffering is incomplete  
Device port ext_ram_data[4] expects both input and output buffering but the buffers are incomplete.
Related violations: <none>

RPBF-3#60 Warning
IO port buffering is incomplete  
Device port ext_ram_data[5] expects both input and output buffering but the buffers are incomplete.
Related violations: <none>

RPBF-3#61 Warning
IO port buffering is incomplete  
Device port ext_ram_data[6] expects both input and output buffering but the buffers are incomplete.
Related violations: <none>

RPBF-3#62 Warning
IO port buffering is incomplete  
Device port ext_ram_data[7] expects both input and output buffering but the buffers are incomplete.
Related violations: <none>

RPBF-3#63 Warning
IO port buffering is incomplete  
Device port ext_ram_data[8] expects both input and output buffering but the buffers are incomplete.
Related violations: <none>

RPBF-3#64 Warning
IO port buffering is incomplete  
Device port ext_ram_data[9] expects both input and output buffering but the buffers are incomplete.
Related violations: <none>


